[
  {
    "key": "environmentParaModel",
    "value": "1"
  },
  {
    "key": "globalEnvironmentParaId",
    "value": "9002ca6e68f54e8da77e58e4a4ee3858"
  },
  {
    "key": "jobId",
    "value": "vg0n00010i1o22pi"
  },
  {
    "key": "_OFFICIAL_DEVCLOUD_JOB_NAME_",
    "value": "Create API Test Automation Test Suite"
  }
]