[
  {
    "key": "__sameProject__",
    "value": "true"
  },
  {
    "key": "__projectId__",
    "value": ""
  },
  {
    "key": "jobId",
    "value": "24a1c03d860a4415a9f2e0ccbb762158"
  },
  {
    "key": "__repository__",
    "value": "service-a"
  },
  {
    "key": "artifactIdentifier",
    "value": "image-demo"
  }
]