{
  "plugin_name": "official_release_executor",
  "display_name": "",
  "data": []
}