{
  "plugin_name": "official_git_clone",
  "display_name": "",
  "data": []
}