{
  "plugin_name": "official_merge_release_branch",
  "display_name": "",
  "data": []
}