{
  "plugin_name": "published.HuaweiCloudIntel-CAE.official_cae_cross_account",
  "display_name": "",
  "data": []
}